Machine = "limpopo6.iiasa.ac.at"
_CONDOR_SLOT = slot2_63
D:\condor\execute\dir_26764
