Machine = "limpopo6.iiasa.ac.at"
_CONDOR_SLOT = slot2_30
D:\condor\execute\dir_32792
