Machine = "limpopo6.iiasa.ac.at"
_CONDOR_SLOT = slot2_61
D:\condor\execute\dir_21196
