Machine = "limpopo6.iiasa.ac.at"
_CONDOR_SLOT = slot2_54
D:\condor\execute\dir_22616
