Machine = "limpopo6.iiasa.ac.at"
_CONDOR_SLOT = slot2_62
D:\condor\execute\dir_31516
