Machine = "limpopo1.iiasa.ac.at"
_CONDOR_SLOT = slot4_6
E:\condor\execute\dir_4012
