Machine = "limpopo6.iiasa.ac.at"
_CONDOR_SLOT = slot1_58
D:\condor\execute\dir_26660
