Machine = "limpopo3.iiasa.ac.at"
_CONDOR_SLOT = slot2_5
E:\condor\execute\dir_12436
