Machine = "limpopo3.iiasa.ac.at"
_CONDOR_SLOT = slot4_1
E:\condor\execute\dir_9960
